../Core/Src/main.c:86:5:main	8	static
../Core/Src/main.c:138:6:SystemClock_Config	88	static
../Core/Src/main.c:185:13:MX_TIM1_Init	96	static
../Core/Src/main.c:260:13:MX_TIM2_Init	48	static
../Core/Src/main.c:318:13:MX_TIM3_Init	32	static
../Core/Src/main.c:363:13:MX_USART2_UART_Init	8	static
../Core/Src/main.c:394:13:MX_DMA_Init	16	static
../Core/Src/main.c:412:13:MX_GPIO_Init	48	static
../Core/Src/main.c:451:6:HAL_TIM_PeriodElapsedCallback	104	static
../Core/Src/main.c:469:6:Error_Handler	4	static,ignoring_inline_asm
